running egg_info
writing ../../build/tuto_package/tuto_package.egg-info/PKG-INFO
writing dependency_links to ../../build/tuto_package/tuto_package.egg-info/dependency_links.txt
writing entry points to ../../build/tuto_package/tuto_package.egg-info/entry_points.txt
writing requirements to ../../build/tuto_package/tuto_package.egg-info/requires.txt
writing top-level names to ../../build/tuto_package/tuto_package.egg-info/top_level.txt
reading manifest file '../../build/tuto_package/tuto_package.egg-info/SOURCES.txt'
writing manifest file '../../build/tuto_package/tuto_package.egg-info/SOURCES.txt'
running build
running build_py
copying tuto_package/odom_tf_broadcaster.py -> /home/a/RBC2026/build/tuto_package/build/lib/tuto_package
copying tuto_package/lidar_projection_node.py -> /home/a/RBC2026/build/tuto_package/build/lib/tuto_package
copying tuto_package/detector_node.py -> /home/a/RBC2026/build/tuto_package/build/lib/tuto_package
copying tuto_package/__init__.py -> /home/a/RBC2026/build/tuto_package/build/lib/tuto_package
copying tuto_package/data_logger.py -> /home/a/RBC2026/build/tuto_package/build/lib/tuto_package
running install
running install_lib
running install_data
copying resource/tuto_package -> /home/a/RBC2026/install/tuto_package/share/ament_index/resource_index/packages
copying package.xml -> /home/a/RBC2026/install/tuto_package/share/tuto_package
copying launch/tuto.launch.py -> /home/a/RBC2026/install/tuto_package/share/tuto_package/launch
copying launch/mapping.launch.py -> /home/a/RBC2026/install/tuto_package/share/tuto_package/launch
copying worlds/calibration_world.world -> /home/a/RBC2026/install/tuto_package/share/tuto_package/worlds
copying worlds/home.world -> /home/a/RBC2026/install/tuto_package/share/tuto_package/worlds
copying worlds/tuto.world -> /home/a/RBC2026/install/tuto_package/share/tuto_package/worlds
copying worlds/soccer.world -> /home/a/RBC2026/install/tuto_package/share/tuto_package/worlds
copying urdf/tuto_half_soccer.urdf -> /home/a/RBC2026/install/tuto_package/share/tuto_package/urdf
copying urdf/tuto_half_home.urdf -> /home/a/RBC2026/install/tuto_package/share/tuto_package/urdf
copying urdf/tuto_robot.urdf -> /home/a/RBC2026/install/tuto_package/share/tuto_package/urdf
creating /home/a/RBC2026/install/tuto_package/share/tuto_package/rviz
creating /home/a/RBC2026/install/tuto_package/share/tuto_package/maps
creating /home/a/RBC2026/install/tuto_package/share/tuto_package/config
copying config/nav2_params.yaml -> /home/a/RBC2026/install/tuto_package/share/tuto_package/config
creating /home/a/RBC2026/install/tuto_package/share/tuto_package/my_bt_tree
running install_egg_info
removing '/home/a/RBC2026/install/tuto_package/lib/python3.8/site-packages/tuto_package-0.0.0-py3.8.egg-info' (and everything under it)
Copying ../../build/tuto_package/tuto_package.egg-info to /home/a/RBC2026/install/tuto_package/lib/python3.8/site-packages/tuto_package-0.0.0-py3.8.egg-info
running install_scripts
Installing autonomy_node script to /home/a/RBC2026/install/tuto_package/lib/tuto_package
Installing detector_node script to /home/a/RBC2026/install/tuto_package/lib/tuto_package
Installing lidar_projection_node script to /home/a/RBC2026/install/tuto_package/lib/tuto_package
Installing mpc_node script to /home/a/RBC2026/install/tuto_package/lib/tuto_package
Installing odom_tf_broadcaster script to /home/a/RBC2026/install/tuto_package/lib/tuto_package
writing list of installed files to '/home/a/RBC2026/build/tuto_package/install.log'
