running egg_info
creating ../../build/tuto_package/tuto_package.egg-info
writing ../../build/tuto_package/tuto_package.egg-info/PKG-INFO
writing dependency_links to ../../build/tuto_package/tuto_package.egg-info/dependency_links.txt
writing entry points to ../../build/tuto_package/tuto_package.egg-info/entry_points.txt
writing requirements to ../../build/tuto_package/tuto_package.egg-info/requires.txt
writing top-level names to ../../build/tuto_package/tuto_package.egg-info/top_level.txt
writing manifest file '../../build/tuto_package/tuto_package.egg-info/SOURCES.txt'
reading manifest file '../../build/tuto_package/tuto_package.egg-info/SOURCES.txt'
writing manifest file '../../build/tuto_package/tuto_package.egg-info/SOURCES.txt'
running build
running build_py
creating /home/a/RBC2026/build/tuto_package/build/lib/tuto_package
copying tuto_package/odom_tf_broadcaster.py -> /home/a/RBC2026/build/tuto_package/build/lib/tuto_package
copying tuto_package/lidar_projection_node.py -> /home/a/RBC2026/build/tuto_package/build/lib/tuto_package
copying tuto_package/detector_node.py -> /home/a/RBC2026/build/tuto_package/build/lib/tuto_package
copying tuto_package/__init__.py -> /home/a/RBC2026/build/tuto_package/build/lib/tuto_package
copying tuto_package/data_logger.py -> /home/a/RBC2026/build/tuto_package/build/lib/tuto_package
running install
running install_lib
creating /home/a/RBC2026/install/tuto_package/lib/python3.8/site-packages/tuto_package
copying /home/a/RBC2026/build/tuto_package/build/lib/tuto_package/odom_tf_broadcaster.py -> /home/a/RBC2026/install/tuto_package/lib/python3.8/site-packages/tuto_package
copying /home/a/RBC2026/build/tuto_package/build/lib/tuto_package/lidar_projection_node.py -> /home/a/RBC2026/install/tuto_package/lib/python3.8/site-packages/tuto_package
copying /home/a/RBC2026/build/tuto_package/build/lib/tuto_package/detector_node.py -> /home/a/RBC2026/install/tuto_package/lib/python3.8/site-packages/tuto_package
copying /home/a/RBC2026/build/tuto_package/build/lib/tuto_package/__init__.py -> /home/a/RBC2026/install/tuto_package/lib/python3.8/site-packages/tuto_package
copying /home/a/RBC2026/build/tuto_package/build/lib/tuto_package/data_logger.py -> /home/a/RBC2026/install/tuto_package/lib/python3.8/site-packages/tuto_package
byte-compiling /home/a/RBC2026/install/tuto_package/lib/python3.8/site-packages/tuto_package/odom_tf_broadcaster.py to odom_tf_broadcaster.cpython-38.pyc
byte-compiling /home/a/RBC2026/install/tuto_package/lib/python3.8/site-packages/tuto_package/lidar_projection_node.py to lidar_projection_node.cpython-38.pyc
byte-compiling /home/a/RBC2026/install/tuto_package/lib/python3.8/site-packages/tuto_package/detector_node.py to detector_node.cpython-38.pyc
byte-compiling /home/a/RBC2026/install/tuto_package/lib/python3.8/site-packages/tuto_package/__init__.py to __init__.cpython-38.pyc
byte-compiling /home/a/RBC2026/install/tuto_package/lib/python3.8/site-packages/tuto_package/data_logger.py to data_logger.cpython-38.pyc
running install_data
creating /home/a/RBC2026/install/tuto_package/share/ament_index/resource_index/packages
copying resource/tuto_package -> /home/a/RBC2026/install/tuto_package/share/ament_index/resource_index/packages
copying package.xml -> /home/a/RBC2026/install/tuto_package/share/tuto_package
creating /home/a/RBC2026/install/tuto_package/share/tuto_package/launch
copying launch/tuto.launch.py -> /home/a/RBC2026/install/tuto_package/share/tuto_package/launch
creating /home/a/RBC2026/install/tuto_package/share/tuto_package/worlds
copying worlds/calibration_world.world -> /home/a/RBC2026/install/tuto_package/share/tuto_package/worlds
copying worlds/home.world -> /home/a/RBC2026/install/tuto_package/share/tuto_package/worlds
copying worlds/tuto.world -> /home/a/RBC2026/install/tuto_package/share/tuto_package/worlds
copying worlds/soccer.world -> /home/a/RBC2026/install/tuto_package/share/tuto_package/worlds
creating /home/a/RBC2026/install/tuto_package/share/tuto_package/urdf
copying urdf/tuto_half_soccer.urdf -> /home/a/RBC2026/install/tuto_package/share/tuto_package/urdf
copying urdf/tuto_half_home.urdf -> /home/a/RBC2026/install/tuto_package/share/tuto_package/urdf
copying urdf/tuto_robot.urdf -> /home/a/RBC2026/install/tuto_package/share/tuto_package/urdf
running install_egg_info
Copying ../../build/tuto_package/tuto_package.egg-info to /home/a/RBC2026/install/tuto_package/lib/python3.8/site-packages/tuto_package-0.0.0-py3.8.egg-info
running install_scripts
Installing detector_node script to /home/a/RBC2026/install/tuto_package/lib/tuto_package
Installing lidar_projection_node script to /home/a/RBC2026/install/tuto_package/lib/tuto_package
Installing odom_tf_broadcaster script to /home/a/RBC2026/install/tuto_package/lib/tuto_package
writing list of installed files to '/home/a/RBC2026/build/tuto_package/install.log'
