[0.959s] Invoking command in '/home/a/RBC2026/src/tuto_package': PYTHONPATH=/home/a/RBC2026/build/tuto_package/prefix_override:/usr/lib/python3/dist-packages/colcon_core/task/python/colcon_distutils_commands:/home/a/RBC2026/install/tuto_package/lib/python3.8/site-packages:${PYTHONPATH} /usr/bin/python3 -W ignore:setup.py install is deprecated -W ignore:easy_install command is deprecated setup.py egg_info --egg-base ../../build/tuto_package build --build-base /home/a/RBC2026/build/tuto_package/build install --record /home/a/RBC2026/build/tuto_package/install.log --single-version-externally-managed install_data
[1.146s] /home/a/.local/lib/python3.8/site-packages/setuptools/_distutils/dist.py:261: UserWarning: Unknown distribution option: 'tests_require'
[1.147s]   warnings.warn(msg)
[1.272s] running egg_info
[1.293s] writing ../../build/tuto_package/tuto_package.egg-info/PKG-INFO
[1.293s] writing dependency_links to ../../build/tuto_package/tuto_package.egg-info/dependency_links.txt
[1.294s] writing entry points to ../../build/tuto_package/tuto_package.egg-info/entry_points.txt
[1.294s] writing requirements to ../../build/tuto_package/tuto_package.egg-info/requires.txt
[1.294s] writing top-level names to ../../build/tuto_package/tuto_package.egg-info/top_level.txt
[1.447s] reading manifest file '../../build/tuto_package/tuto_package.egg-info/SOURCES.txt'
[1.450s] writing manifest file '../../build/tuto_package/tuto_package.egg-info/SOURCES.txt'
[1.450s] running build
[1.450s] running build_py
[1.450s] copying tuto_package/odom_tf_broadcaster.py -> /home/a/RBC2026/build/tuto_package/build/lib/tuto_package
[1.450s] copying tuto_package/lidar_projection_node.py -> /home/a/RBC2026/build/tuto_package/build/lib/tuto_package
[1.451s] copying tuto_package/detector_node.py -> /home/a/RBC2026/build/tuto_package/build/lib/tuto_package
[1.451s] copying tuto_package/__init__.py -> /home/a/RBC2026/build/tuto_package/build/lib/tuto_package
[1.451s] copying tuto_package/data_logger.py -> /home/a/RBC2026/build/tuto_package/build/lib/tuto_package
[1.451s] running install
[1.457s] running install_lib
[1.479s] running install_data
[1.480s] copying resource/tuto_package -> /home/a/RBC2026/install/tuto_package/share/ament_index/resource_index/packages
[1.480s] copying package.xml -> /home/a/RBC2026/install/tuto_package/share/tuto_package
[1.480s] copying launch/tuto.launch.py -> /home/a/RBC2026/install/tuto_package/share/tuto_package/launch
[1.481s] copying launch/mapping.launch.py -> /home/a/RBC2026/install/tuto_package/share/tuto_package/launch
[1.481s] copying worlds/calibration_world.world -> /home/a/RBC2026/install/tuto_package/share/tuto_package/worlds
[1.481s] copying worlds/home.world -> /home/a/RBC2026/install/tuto_package/share/tuto_package/worlds
[1.482s] copying worlds/tuto.world -> /home/a/RBC2026/install/tuto_package/share/tuto_package/worlds
[1.482s] copying worlds/soccer.world -> /home/a/RBC2026/install/tuto_package/share/tuto_package/worlds
[1.482s] copying urdf/tuto_half_soccer.urdf -> /home/a/RBC2026/install/tuto_package/share/tuto_package/urdf
[1.483s] copying urdf/tuto_half_home.urdf -> /home/a/RBC2026/install/tuto_package/share/tuto_package/urdf
[1.483s] copying urdf/tuto_robot.urdf -> /home/a/RBC2026/install/tuto_package/share/tuto_package/urdf
[1.483s] copying config/nav2_params.yaml -> /home/a/RBC2026/install/tuto_package/share/tuto_package/config
[1.484s] running install_egg_info
[1.505s] removing '/home/a/RBC2026/install/tuto_package/lib/python3.8/site-packages/tuto_package-0.0.0-py3.8.egg-info' (and everything under it)
[1.505s] Copying ../../build/tuto_package/tuto_package.egg-info to /home/a/RBC2026/install/tuto_package/lib/python3.8/site-packages/tuto_package-0.0.0-py3.8.egg-info
[1.506s] running install_scripts
[1.560s] Installing autonomy_node script to /home/a/RBC2026/install/tuto_package/lib/tuto_package
[1.560s] Installing detector_node script to /home/a/RBC2026/install/tuto_package/lib/tuto_package
[1.560s] Installing lidar_projection_node script to /home/a/RBC2026/install/tuto_package/lib/tuto_package
[1.560s] Installing mpc_node script to /home/a/RBC2026/install/tuto_package/lib/tuto_package
[1.560s] Installing odom_tf_broadcaster script to /home/a/RBC2026/install/tuto_package/lib/tuto_package
[1.560s] writing list of installed files to '/home/a/RBC2026/build/tuto_package/install.log'
[1.587s] Invoked command in '/home/a/RBC2026/src/tuto_package' returned '0': PYTHONPATH=/home/a/RBC2026/build/tuto_package/prefix_override:/usr/lib/python3/dist-packages/colcon_core/task/python/colcon_distutils_commands:/home/a/RBC2026/install/tuto_package/lib/python3.8/site-packages:${PYTHONPATH} /usr/bin/python3 -W ignore:setup.py install is deprecated -W ignore:easy_install command is deprecated setup.py egg_info --egg-base ../../build/tuto_package build --build-base /home/a/RBC2026/build/tuto_package/build install --record /home/a/RBC2026/build/tuto_package/install.log --single-version-externally-managed install_data
