/home/a/RBC2026/install/tuto_package/lib/python3.8/site-packages/tuto_package/odom_tf_broadcaster.py
/home/a/RBC2026/install/tuto_package/lib/python3.8/site-packages/tuto_package/lidar_projection_node.py
/home/a/RBC2026/install/tuto_package/lib/python3.8/site-packages/tuto_package/detector_node.py
/home/a/RBC2026/install/tuto_package/lib/python3.8/site-packages/tuto_package/__init__.py
/home/a/RBC2026/install/tuto_package/lib/python3.8/site-packages/tuto_package/data_logger.py
/home/a/RBC2026/install/tuto_package/lib/python3.8/site-packages/tuto_package/__pycache__/odom_tf_broadcaster.cpython-38.pyc
/home/a/RBC2026/install/tuto_package/lib/python3.8/site-packages/tuto_package/__pycache__/lidar_projection_node.cpython-38.pyc
/home/a/RBC2026/install/tuto_package/lib/python3.8/site-packages/tuto_package/__pycache__/detector_node.cpython-38.pyc
/home/a/RBC2026/install/tuto_package/lib/python3.8/site-packages/tuto_package/__pycache__/__init__.cpython-38.pyc
/home/a/RBC2026/install/tuto_package/lib/python3.8/site-packages/tuto_package/__pycache__/data_logger.cpython-38.pyc
/home/a/RBC2026/install/tuto_package/share/ament_index/resource_index/packages/tuto_package
/home/a/RBC2026/install/tuto_package/share/tuto_package/package.xml
/home/a/RBC2026/install/tuto_package/share/tuto_package/launch/tuto.launch.py
/home/a/RBC2026/install/tuto_package/share/tuto_package/launch/mapping.launch.py
/home/a/RBC2026/install/tuto_package/share/tuto_package/worlds/calibration_world.world
/home/a/RBC2026/install/tuto_package/share/tuto_package/worlds/home.world
/home/a/RBC2026/install/tuto_package/share/tuto_package/worlds/tuto.world
/home/a/RBC2026/install/tuto_package/share/tuto_package/worlds/soccer.world
/home/a/RBC2026/install/tuto_package/share/tuto_package/urdf/tuto_half_soccer.urdf
/home/a/RBC2026/install/tuto_package/share/tuto_package/urdf/tuto_half_home.urdf
/home/a/RBC2026/install/tuto_package/share/tuto_package/urdf/tuto_robot.urdf
/home/a/RBC2026/install/tuto_package/share/tuto_package/rviz
/home/a/RBC2026/install/tuto_package/share/tuto_package/maps
/home/a/RBC2026/install/tuto_package/share/tuto_package/config/nav2_params.yaml
/home/a/RBC2026/install/tuto_package/share/tuto_package/my_bt_tree
/home/a/RBC2026/install/tuto_package/lib/python3.8/site-packages/tuto_package-0.0.0-py3.8.egg-info/top_level.txt
/home/a/RBC2026/install/tuto_package/lib/python3.8/site-packages/tuto_package-0.0.0-py3.8.egg-info/SOURCES.txt
/home/a/RBC2026/install/tuto_package/lib/python3.8/site-packages/tuto_package-0.0.0-py3.8.egg-info/requires.txt
/home/a/RBC2026/install/tuto_package/lib/python3.8/site-packages/tuto_package-0.0.0-py3.8.egg-info/zip-safe
/home/a/RBC2026/install/tuto_package/lib/python3.8/site-packages/tuto_package-0.0.0-py3.8.egg-info/entry_points.txt
/home/a/RBC2026/install/tuto_package/lib/python3.8/site-packages/tuto_package-0.0.0-py3.8.egg-info/dependency_links.txt
/home/a/RBC2026/install/tuto_package/lib/python3.8/site-packages/tuto_package-0.0.0-py3.8.egg-info/PKG-INFO
/home/a/RBC2026/install/tuto_package/lib/tuto_package/autonomy_node
/home/a/RBC2026/install/tuto_package/lib/tuto_package/detector_node
/home/a/RBC2026/install/tuto_package/lib/tuto_package/lidar_projection_node
/home/a/RBC2026/install/tuto_package/lib/tuto_package/mpc_node
/home/a/RBC2026/install/tuto_package/lib/tuto_package/odom_tf_broadcaster
