[0.551s] Invoking command in '/home/a/RBC2026/src/tuto_package': PYTHONPATH=/home/a/RBC2026/build/tuto_package/prefix_override:/usr/lib/python3/dist-packages/colcon_core/task/python/colcon_distutils_commands:/home/a/RBC2026/install/tuto_package/lib/python3.8/site-packages:${PYTHONPATH} /usr/bin/python3 -W ignore:setup.py install is deprecated -W ignore:easy_install command is deprecated setup.py egg_info --egg-base ../../build/tuto_package build --build-base /home/a/RBC2026/build/tuto_package/build install --record /home/a/RBC2026/build/tuto_package/install.log --single-version-externally-managed install_data
[0.650s] /home/a/.local/lib/python3.8/site-packages/setuptools/_distutils/dist.py:261: UserWarning: Unknown distribution option: 'tests_require'
[0.651s]   warnings.warn(msg)
[0.716s] running egg_info
[0.726s] writing ../../build/tuto_package/tuto_package.egg-info/PKG-INFO
[0.727s] writing dependency_links to ../../build/tuto_package/tuto_package.egg-info/dependency_links.txt
[0.727s] writing entry points to ../../build/tuto_package/tuto_package.egg-info/entry_points.txt
[0.727s] writing requirements to ../../build/tuto_package/tuto_package.egg-info/requires.txt
[0.727s] writing top-level names to ../../build/tuto_package/tuto_package.egg-info/top_level.txt
[0.814s] reading manifest file '../../build/tuto_package/tuto_package.egg-info/SOURCES.txt'
[0.815s] writing manifest file '../../build/tuto_package/tuto_package.egg-info/SOURCES.txt'
[0.815s] running build
[0.816s] running build_py
[0.816s] copying tuto_package/odom_tf_broadcaster.py -> /home/a/RBC2026/build/tuto_package/build/lib/tuto_package
[0.816s] copying tuto_package/lidar_projection_node.py -> /home/a/RBC2026/build/tuto_package/build/lib/tuto_package
[0.816s] copying tuto_package/detector_node.py -> /home/a/RBC2026/build/tuto_package/build/lib/tuto_package
[0.816s] copying tuto_package/__init__.py -> /home/a/RBC2026/build/tuto_package/build/lib/tuto_package
[0.816s] copying tuto_package/data_logger.py -> /home/a/RBC2026/build/tuto_package/build/lib/tuto_package
[0.816s] running install
[0.819s] running install_lib
[0.831s] running install_data
[0.831s] copying resource/tuto_package -> /home/a/RBC2026/install/tuto_package/share/ament_index/resource_index/packages
[0.831s] copying package.xml -> /home/a/RBC2026/install/tuto_package/share/tuto_package
[0.831s] copying launch/tuto.launch.py -> /home/a/RBC2026/install/tuto_package/share/tuto_package/launch
[0.831s] copying launch/mapping.launch.py -> /home/a/RBC2026/install/tuto_package/share/tuto_package/launch
[0.832s] copying worlds/calibration_world.world -> /home/a/RBC2026/install/tuto_package/share/tuto_package/worlds
[0.832s] copying worlds/home.world -> /home/a/RBC2026/install/tuto_package/share/tuto_package/worlds
[0.832s] copying worlds/tuto.world -> /home/a/RBC2026/install/tuto_package/share/tuto_package/worlds
[0.832s] copying worlds/soccer.world -> /home/a/RBC2026/install/tuto_package/share/tuto_package/worlds
[0.833s] copying urdf/tuto_half_soccer.urdf -> /home/a/RBC2026/install/tuto_package/share/tuto_package/urdf
[0.833s] copying urdf/tuto_half_home.urdf -> /home/a/RBC2026/install/tuto_package/share/tuto_package/urdf
[0.833s] copying urdf/tuto_robot.urdf -> /home/a/RBC2026/install/tuto_package/share/tuto_package/urdf
[0.834s] copying config/nav2_params.yaml -> /home/a/RBC2026/install/tuto_package/share/tuto_package/config
[0.834s] running install_egg_info
[0.845s] removing '/home/a/RBC2026/install/tuto_package/lib/python3.8/site-packages/tuto_package-0.0.0-py3.8.egg-info' (and everything under it)
[0.845s] Copying ../../build/tuto_package/tuto_package.egg-info to /home/a/RBC2026/install/tuto_package/lib/python3.8/site-packages/tuto_package-0.0.0-py3.8.egg-info
[0.846s] running install_scripts
[0.875s] Installing autonomy_node script to /home/a/RBC2026/install/tuto_package/lib/tuto_package
[0.876s] Installing detector_node script to /home/a/RBC2026/install/tuto_package/lib/tuto_package
[0.876s] Installing lidar_projection_node script to /home/a/RBC2026/install/tuto_package/lib/tuto_package
[0.876s] Installing mpc_node script to /home/a/RBC2026/install/tuto_package/lib/tuto_package
[0.876s] Installing odom_tf_broadcaster script to /home/a/RBC2026/install/tuto_package/lib/tuto_package
[0.876s] writing list of installed files to '/home/a/RBC2026/build/tuto_package/install.log'
[0.890s] Invoked command in '/home/a/RBC2026/src/tuto_package' returned '0': PYTHONPATH=/home/a/RBC2026/build/tuto_package/prefix_override:/usr/lib/python3/dist-packages/colcon_core/task/python/colcon_distutils_commands:/home/a/RBC2026/install/tuto_package/lib/python3.8/site-packages:${PYTHONPATH} /usr/bin/python3 -W ignore:setup.py install is deprecated -W ignore:easy_install command is deprecated setup.py egg_info --egg-base ../../build/tuto_package build --build-base /home/a/RBC2026/build/tuto_package/build install --record /home/a/RBC2026/build/tuto_package/install.log --single-version-externally-managed install_data
